
*** Running vivado
    with args -log osc.vds -m64 -product Vivado -mode batch -messageDb vivado.pb -notrace -source osc.tcl



****** Vivado v2025.2 (64-bit)
  **** SW Build 6299465 on Fri Nov 14 19:35:11 GMT 2025
  **** IP Build 6300035 on Fri Nov 14 10:48:45 MST 2025
  **** SharedData Build 6298862 on Thu Nov 13 04:50:51 MST 2025
  **** Start of session at: Sun May 31 20:56:35 2026
    ** Copyright 1986-2022 Xilinx, Inc. All Rights Reserved.
    ** Copyright 2022-2025 Advanced Micro Devices, Inc. All Rights Reserved.

source osc.tcl -notrace
create_project: Time (s): cpu = 00:00:13 ; elapsed = 00:00:09 . Memory (MB): peak = 539.605 ; gain = 223.234
Command: read_checkpoint -auto_incremental -incremental C:/Users/usnam/Documents/GitHub/SPRO4/Firmware/uart_generation/uart_generation.srcs/utils_1/imports/synth_1/osc.dcp
INFO: [Vivado 12-5825] Read reference checkpoint from C:/Users/usnam/Documents/GitHub/SPRO4/Firmware/uart_generation/uart_generation.srcs/utils_1/imports/synth_1/osc.dcp for incremental synthesis
INFO: [Vivado 12-7989] Please ensure there are no constraint changes
Command: synth_design -top osc -part xc7z020clg484-1
Starting synth_design
Attempting to get a license for feature 'Synthesis' and/or device 'xc7z020'
INFO: [Common 17-349] Got license for feature 'Synthesis' and/or device 'xc7z020'
INFO: [Device 21-403] Loading part xc7z020clg484-1
INFO: [Designutils 20-5440] No compile time benefit to using incremental synthesis; A full resynthesis will be run
INFO: [Designutils 20-4379] Flow is switching to default flow due to incremental criteria not met. If you would like to alter this behaviour and have the flow terminate instead, please set the following parameter config_implementation {autoIncr.Synth.RejectBehavior Terminate}
INFO: [Synth 8-7079] Multithreading enabled for synth_design using a maximum of 2 processes.
INFO: [Synth 8-7078] Launching helper process for spawning children vivado processes
INFO: [Synth 8-7075] Helper process launched with PID 27520
---------------------------------------------------------------------------------
Starting RTL Elaboration : Time (s): cpu = 00:00:07 ; elapsed = 00:00:08 . Memory (MB): peak = 1329.707 ; gain = 543.719
---------------------------------------------------------------------------------
INFO: [Synth 8-638] synthesizing module 'osc' [C:/Users/usnam/Documents/GitHub/SPRO4/Firmware/uart_generation/uart_generation.srcs/sources_1/new/osc.vhd:43]
INFO: [Synth 8-3491] module 'xadc_wiz_0' declared at 'C:/Users/usnam/Documents/GitHub/SPRO4/Firmware/uart_generation/uart_generation.runs/synth_1/.Xil/Vivado-14176-JoniDeLaMircesti/realtime/xadc_wiz_0_stub.vhdl:6' bound to instance 'xadc_inst' of component 'xadc_wiz_0' [C:/Users/usnam/Documents/GitHub/SPRO4/Firmware/uart_generation/uart_generation.srcs/sources_1/new/osc.vhd:187]
INFO: [Synth 8-638] synthesizing module 'xadc_wiz_0' [C:/Users/usnam/Documents/GitHub/SPRO4/Firmware/uart_generation/uart_generation.runs/synth_1/.Xil/Vivado-14176-JoniDeLaMircesti/realtime/xadc_wiz_0_stub.vhdl:29]
	Parameter G_CLK_HZ bound to: 100000000 - type: integer 
	Parameter G_BAUD bound to: 115200 - type: integer 
INFO: [Synth 8-3491] module 'uart_top' declared at 'C:/Users/usnam/Documents/GitHub/SPRO4/Firmware/uart_generation/uart_generation.srcs/sources_1/new/uart_top.vhd:16' bound to instance 'u_uart' of component 'uart_top' [C:/Users/usnam/Documents/GitHub/SPRO4/Firmware/uart_generation/uart_generation.srcs/sources_1/new/osc.vhd:215]
INFO: [Synth 8-638] synthesizing module 'uart_top' [C:/Users/usnam/Documents/GitHub/SPRO4/Firmware/uart_generation/uart_generation.srcs/sources_1/new/uart_top.vhd:54]
	Parameter G_CLK_HZ bound to: 100000000 - type: integer 
	Parameter G_BAUD bound to: 115200 - type: integer 
	Parameter G_CLK_HZ bound to: 100000000 - type: integer 
	Parameter G_BAUD bound to: 115200 - type: integer 
INFO: [Synth 8-3491] module 'uart_tx' declared at 'C:/Users/usnam/Documents/GitHub/SPRO4/Firmware/uart_generation/uart_generation.srcs/sources_1/new/uart_tx.vhd:8' bound to instance 'u_tx' of component 'uart_tx' [C:/Users/usnam/Documents/GitHub/SPRO4/Firmware/uart_generation/uart_generation.srcs/sources_1/new/uart_top.vhd:146]
INFO: [Synth 8-638] synthesizing module 'uart_tx' [C:/Users/usnam/Documents/GitHub/SPRO4/Firmware/uart_generation/uart_generation.srcs/sources_1/new/uart_tx.vhd:23]
	Parameter G_CLK_HZ bound to: 100000000 - type: integer 
	Parameter G_BAUD bound to: 115200 - type: integer 
INFO: [Synth 8-256] done synthesizing module 'uart_tx' (0#1) [C:/Users/usnam/Documents/GitHub/SPRO4/Firmware/uart_generation/uart_generation.srcs/sources_1/new/uart_tx.vhd:23]
	Parameter G_CLK_HZ bound to: 100000000 - type: integer 
	Parameter G_BAUD bound to: 115200 - type: integer 
INFO: [Synth 8-3491] module 'uart_rx' declared at 'C:/Users/usnam/Documents/GitHub/SPRO4/Firmware/uart_generation/uart_generation.srcs/sources_1/new/uart_rx.vhd:8' bound to instance 'u_rx' of component 'uart_rx' [C:/Users/usnam/Documents/GitHub/SPRO4/Firmware/uart_generation/uart_generation.srcs/sources_1/new/uart_top.vhd:163]
INFO: [Synth 8-638] synthesizing module 'uart_rx' [C:/Users/usnam/Documents/GitHub/SPRO4/Firmware/uart_generation/uart_generation.srcs/sources_1/new/uart_rx.vhd:22]
	Parameter G_CLK_HZ bound to: 100000000 - type: integer 
	Parameter G_BAUD bound to: 115200 - type: integer 
INFO: [Synth 8-256] done synthesizing module 'uart_rx' (0#1) [C:/Users/usnam/Documents/GitHub/SPRO4/Firmware/uart_generation/uart_generation.srcs/sources_1/new/uart_rx.vhd:22]
INFO: [Synth 8-256] done synthesizing module 'uart_top' (0#1) [C:/Users/usnam/Documents/GitHub/SPRO4/Firmware/uart_generation/uart_generation.srcs/sources_1/new/uart_top.vhd:54]
INFO: [Synth 8-3491] module 'trigger_struct' declared at 'C:/Users/usnam/Documents/GitHub/SPRO4/Firmware/uart_generation/uart_generation.srcs/sources_1/new/trigger_struct.vhd:9' bound to instance 'u_trigger' of component 'trigger_struct' [C:/Users/usnam/Documents/GitHub/SPRO4/Firmware/uart_generation/uart_generation.srcs/sources_1/new/osc.vhd:244]
INFO: [Synth 8-638] synthesizing module 'trigger_struct' [C:/Users/usnam/Documents/GitHub/SPRO4/Firmware/uart_generation/uart_generation.srcs/sources_1/new/trigger_struct.vhd:37]
INFO: [Synth 8-3491] module 'decimator' declared at 'C:/Users/usnam/Documents/GitHub/SPRO4/Firmware/uart_generation/uart_generation.srcs/sources_1/new/decimator.vhd:10' bound to instance 'u_decimator' of component 'decimator' [C:/Users/usnam/Documents/GitHub/SPRO4/Firmware/uart_generation/uart_generation.srcs/sources_1/new/trigger_struct.vhd:83]
INFO: [Synth 8-638] synthesizing module 'decimator' [C:/Users/usnam/Documents/GitHub/SPRO4/Firmware/uart_generation/uart_generation.srcs/sources_1/new/decimator.vhd:24]
INFO: [Synth 8-256] done synthesizing module 'decimator' (0#1) [C:/Users/usnam/Documents/GitHub/SPRO4/Firmware/uart_generation/uart_generation.srcs/sources_1/new/decimator.vhd:24]
INFO: [Synth 8-256] done synthesizing module 'trigger_struct' (0#1) [C:/Users/usnam/Documents/GitHub/SPRO4/Firmware/uart_generation/uart_generation.srcs/sources_1/new/trigger_struct.vhd:37]
	Parameter CLK_FREQ_HZ bound to: 100000000 - type: integer 
INFO: [Synth 8-3491] module 'PWM_generator' declared at 'C:/Users/usnam/Documents/GitHub/SPRO4/Firmware/uart_generation/uart_generation.srcs/sources_1/new/buck_pwm.vhd:5' bound to instance 'u_buck_pwm' of component 'PWM_generator' [C:/Users/usnam/Documents/GitHub/SPRO4/Firmware/uart_generation/uart_generation.srcs/sources_1/new/osc.vhd:272]
INFO: [Synth 8-638] synthesizing module 'PWM_generator' [C:/Users/usnam/Documents/GitHub/SPRO4/Firmware/uart_generation/uart_generation.srcs/sources_1/new/buck_pwm.vhd:18]
	Parameter CLK_FREQ_HZ bound to: 100000000 - type: integer 
	Parameter PWM_FREQ_HZ bound to: 15000 - type: integer 
	Parameter DUTY_PERCENT bound to: 50 - type: integer 
INFO: [Synth 8-256] done synthesizing module 'PWM_generator' (0#1) [C:/Users/usnam/Documents/GitHub/SPRO4/Firmware/uart_generation/uart_generation.srcs/sources_1/new/buck_pwm.vhd:18]
	Parameter CLK_FREQ_HZ bound to: 100000000 - type: integer 
INFO: [Synth 8-3491] module 'wave_generator' declared at 'C:/Users/usnam/Documents/GitHub/SPRO4/Firmware/uart_generation/uart_generation.srcs/sources_1/new/wave_generator.vhd:16' bound to instance 'u_wave' of component 'wave_generator' [C:/Users/usnam/Documents/GitHub/SPRO4/Firmware/uart_generation/uart_generation.srcs/sources_1/new/osc.vhd:285]
INFO: [Synth 8-638] synthesizing module 'wave_generator' [C:/Users/usnam/Documents/GitHub/SPRO4/Firmware/uart_generation/uart_generation.srcs/sources_1/new/wave_generator.vhd:29]
	Parameter CLK_FREQ_HZ bound to: 100000000 - type: integer 
INFO: [Synth 8-256] done synthesizing module 'wave_generator' (0#1) [C:/Users/usnam/Documents/GitHub/SPRO4/Firmware/uart_generation/uart_generation.srcs/sources_1/new/wave_generator.vhd:29]
INFO: [Synth 8-256] done synthesizing module 'osc' (0#1) [C:/Users/usnam/Documents/GitHub/SPRO4/Firmware/uart_generation/uart_generation.srcs/sources_1/new/osc.vhd:43]
WARNING: [Synth 8-6014] Unused sequential element checksum_reg was removed.  [C:/Users/usnam/Documents/GitHub/SPRO4/Firmware/uart_generation/uart_generation.srcs/sources_1/new/uart_top.vhd:270]
WARNING: [Synth 8-7129] Port i_adc_in[3] in module decimator is either unconnected or has no load
WARNING: [Synth 8-7129] Port i_adc_in[2] in module decimator is either unconnected or has no load
WARNING: [Synth 8-7129] Port i_adc_in[1] in module decimator is either unconnected or has no load
WARNING: [Synth 8-7129] Port i_adc_in[0] in module decimator is either unconnected or has no load
WARNING: [Synth 8-7129] Port i_adc_valid in module uart_top is either unconnected or has no load
---------------------------------------------------------------------------------
Finished RTL Elaboration : Time (s): cpu = 00:00:10 ; elapsed = 00:00:11 . Memory (MB): peak = 1454.672 ; gain = 668.684
---------------------------------------------------------------------------------
---------------------------------------------------------------------------------
Start Handling Custom Attributes
---------------------------------------------------------------------------------
---------------------------------------------------------------------------------
Finished Handling Custom Attributes : Time (s): cpu = 00:00:10 ; elapsed = 00:00:11 . Memory (MB): peak = 1454.672 ; gain = 668.684
---------------------------------------------------------------------------------
---------------------------------------------------------------------------------
Finished RTL Optimization Phase 1 : Time (s): cpu = 00:00:10 ; elapsed = 00:00:11 . Memory (MB): peak = 1454.672 ; gain = 668.684
---------------------------------------------------------------------------------
Netlist sorting complete. Time (s): cpu = 00:00:00 ; elapsed = 00:00:00.014 . Memory (MB): peak = 1454.672 ; gain = 0.000
INFO: [Project 1-570] Preparing netlist for logic optimization

Processing XDC Constraints
Initializing timing engine
Parsing XDC File [c:/Users/usnam/Documents/GitHub/SPRO4/Firmware/uart_generation/uart_generation.gen/sources_1/ip/xadc_wiz_0/xadc_wiz_0/xadc_wiz_0_in_context.xdc] for cell 'xadc_inst'
Finished Parsing XDC File [c:/Users/usnam/Documents/GitHub/SPRO4/Firmware/uart_generation/uart_generation.gen/sources_1/ip/xadc_wiz_0/xadc_wiz_0/xadc_wiz_0_in_context.xdc] for cell 'xadc_inst'
Parsing XDC File [C:/Users/usnam/Documents/GitHub/SPRO4/Firmware/uart_generation/uart_generation.srcs/constrs_1/new/osc.xdc]
Finished Parsing XDC File [C:/Users/usnam/Documents/GitHub/SPRO4/Firmware/uart_generation/uart_generation.srcs/constrs_1/new/osc.xdc]
INFO: [Project 1-236] Implementation specific constraints were found while reading constraint file [C:/Users/usnam/Documents/GitHub/SPRO4/Firmware/uart_generation/uart_generation.srcs/constrs_1/new/osc.xdc]. These constraints will be ignored for synthesis but will be used in implementation. Impacted constraints are listed in the file [.Xil/osc_propImpl.xdc].
Resolution: To avoid this warning, move constraints listed in [.Xil/osc_propImpl.xdc] to another XDC file and exclude this new file from synthesis with the used_in_synthesis property (File Properties dialog in GUI) and re-run elaboration/synthesis.
Completed Processing XDC Constraints

Netlist sorting complete. Time (s): cpu = 00:00:00 ; elapsed = 00:00:00 . Memory (MB): peak = 1526.227 ; gain = 0.000
INFO: [Project 1-111] Unisim Transformation Summary:
No Unisim elements were transformed.

Constraint Validation Runtime : Time (s): cpu = 00:00:00 ; elapsed = 00:00:00.011 . Memory (MB): peak = 1526.227 ; gain = 0.000
INFO: [Designutils 20-5440] No compile time benefit to using incremental synthesis; A full resynthesis will be run
INFO: [Designutils 20-4379] Flow is switching to default flow due to incremental criteria not met. If you would like to alter this behaviour and have the flow terminate instead, please set the following parameter config_implementation {autoIncr.Synth.RejectBehavior Terminate}
---------------------------------------------------------------------------------
Finished Constraint Validation : Time (s): cpu = 00:00:21 ; elapsed = 00:00:22 . Memory (MB): peak = 1526.227 ; gain = 740.238
---------------------------------------------------------------------------------
---------------------------------------------------------------------------------
Start Loading Part and Timing Information
---------------------------------------------------------------------------------
Loading part: xc7z020clg484-1
---------------------------------------------------------------------------------
Finished Loading Part and Timing Information : Time (s): cpu = 00:00:21 ; elapsed = 00:00:22 . Memory (MB): peak = 1526.227 ; gain = 740.238
---------------------------------------------------------------------------------
---------------------------------------------------------------------------------
Start Applying 'set_property' XDC Constraints
---------------------------------------------------------------------------------
---------------------------------------------------------------------------------
Finished applying 'set_property' XDC Constraints : Time (s): cpu = 00:00:21 ; elapsed = 00:00:22 . Memory (MB): peak = 1526.227 ; gain = 740.238
---------------------------------------------------------------------------------
INFO: [Synth 8-802] inferred FSM for state register 'state_reg' in module 'uart_tx'
INFO: [Synth 8-802] inferred FSM for state register 'state_reg' in module 'uart_rx'
INFO: [Synth 8-802] inferred FSM for state register 'rx_state_reg' in module 'uart_top'
INFO: [Synth 8-802] inferred FSM for state register 'current_state_reg' in module 'trigger_struct'
---------------------------------------------------------------------------------------------------
                   State |                     New Encoding |                Previous Encoding 
---------------------------------------------------------------------------------------------------
                    idle |                               00 |                               00
               start_bit |                               01 |                               01
               data_bits |                               10 |                               10
                stop_bit |                               11 |                               11
---------------------------------------------------------------------------------------------------
INFO: [Synth 8-3354] encoded FSM with state register 'state_reg' using encoding 'sequential' in module 'uart_tx'
---------------------------------------------------------------------------------------------------
                   State |                     New Encoding |                Previous Encoding 
---------------------------------------------------------------------------------------------------
                    idle |                               00 |                               00
               start_bit |                               01 |                               01
               data_bits |                               10 |                               10
                stop_bit |                               11 |                               11
---------------------------------------------------------------------------------------------------
INFO: [Synth 8-3354] encoded FSM with state register 'state_reg' using encoding 'sequential' in module 'uart_rx'
---------------------------------------------------------------------------------------------------
                   State |                     New Encoding |                Previous Encoding 
---------------------------------------------------------------------------------------------------
              rx_wait_aa |                           000001 |                              000
              rx_wait_55 |                           000010 |                              001
                rx_tb_hi |                           000100 |                              010
                rx_tb_lo |                           001000 |                              011
                 rx_trig |                           010000 |                              100
              rx_wait_ff |                           100000 |                              101
---------------------------------------------------------------------------------------------------
INFO: [Synth 8-3354] encoded FSM with state register 'rx_state_reg' using encoding 'one-hot' in module 'uart_top'
---------------------------------------------------------------------------------------------------
                   State |                     New Encoding |                Previous Encoding 
---------------------------------------------------------------------------------------------------
                    idle |                              000 |                              000
                pre_fill |                              001 |                              001
                   armed |                              010 |                              010
               post_fill |                              011 |                              011
                tx_ready |                              100 |                              100
---------------------------------------------------------------------------------------------------
INFO: [Synth 8-3354] encoded FSM with state register 'current_state_reg' using encoding 'sequential' in module 'trigger_struct'
---------------------------------------------------------------------------------
Finished RTL Optimization Phase 2 : Time (s): cpu = 00:00:22 ; elapsed = 00:00:23 . Memory (MB): peak = 1526.227 ; gain = 740.238
---------------------------------------------------------------------------------
---------------------------------------------------------------------------------
Start RTL Component Statistics 
---------------------------------------------------------------------------------
Detailed RTL Component Info : 
+---Adders : 
	   2 Input   24 Bit       Adders := 1     
	   2 Input   16 Bit       Adders := 2     
	   2 Input   12 Bit       Adders := 5     
	   2 Input   10 Bit       Adders := 2     
	   2 Input    8 Bit       Adders := 4     
	   2 Input    5 Bit       Adders := 1     
	   2 Input    3 Bit       Adders := 2     
+---Registers : 
	               16 Bit    Registers := 5     
	               12 Bit    Registers := 4     
	               10 Bit    Registers := 2     
	                8 Bit    Registers := 10    
	                5 Bit    Registers := 1     
	                4 Bit    Registers := 2     
	                3 Bit    Registers := 6     
	                2 Bit    Registers := 1     
	                1 Bit    Registers := 17    
+---RAMs : 
	              64K Bit	(4096 X 16 bit)          RAMs := 1     
+---Muxes : 
	   7 Input   16 Bit        Muxes := 1     
	   2 Input   16 Bit        Muxes := 3     
	   5 Input   16 Bit        Muxes := 1     
	   2 Input   12 Bit        Muxes := 1     
	   5 Input   12 Bit        Muxes := 4     
	   4 Input   10 Bit        Muxes := 2     
	   4 Input    8 Bit        Muxes := 1     
	   2 Input    8 Bit        Muxes := 2     
	   7 Input    8 Bit        Muxes := 1     
	   6 Input    6 Bit        Muxes := 1     
	   2 Input    6 Bit        Muxes := 1     
	   4 Input    3 Bit        Muxes := 2     
	   7 Input    3 Bit        Muxes := 2     
	   5 Input    3 Bit        Muxes := 1     
	   4 Input    2 Bit        Muxes := 2     
	   2 Input    1 Bit        Muxes := 11    
	   4 Input    1 Bit        Muxes := 10    
	   7 Input    1 Bit        Muxes := 6     
	   6 Input    1 Bit        Muxes := 2     
	   5 Input    1 Bit        Muxes := 15    
---------------------------------------------------------------------------------
Finished RTL Component Statistics 
---------------------------------------------------------------------------------
---------------------------------------------------------------------------------
Start Part Resource Summary
---------------------------------------------------------------------------------
Part Resources:
DSPs: 220 (col length:60)
BRAMs: 280 (col length: RAMB18 60 RAMB36 30)
---------------------------------------------------------------------------------
Finished Part Resource Summary
---------------------------------------------------------------------------------
---------------------------------------------------------------------------------
Start Cross Boundary and Area Optimization
---------------------------------------------------------------------------------
---------------------------------------------------------------------------------
Finished Cross Boundary and Area Optimization : Time (s): cpu = 00:00:27 ; elapsed = 00:00:29 . Memory (MB): peak = 1526.227 ; gain = 740.238
---------------------------------------------------------------------------------
---------------------------------------------------------------------------------
Start ROM, RAM, DSP, Shift Register and Retiming Reporting
---------------------------------------------------------------------------------

Block RAM: Preliminary Mapping Report (see note below)
+------------+-----------------------------+------------------------+---+---+------------------------+---+---+------------------+--------+--------+
|Module Name | RTL Object                  | PORT A (Depth x Width) | W | R | PORT B (Depth x Width) | W | R | Ports driving FF | RAMB18 | RAMB36 | 
+------------+-----------------------------+------------------------+---+---+------------------------+---+---+------------------+--------+--------+
|osc         | u_trigger/circular_bram_reg | 4 K x 16(READ_FIRST)   | W |   | 4 K x 16(WRITE_FIRST)  |   | R | Port A and B     | 0      | 2      | 
+------------+-----------------------------+------------------------+---+---+------------------------+---+---+------------------+--------+--------+

Note: The table above is a preliminary report that shows the Block RAMs at the current stage of the synthesis flow. Some Block RAMs may be reimplemented as non Block RAM primitives later in the synthesis flow. Multiple instantiated Block RAMs are reported only once. 
---------------------------------------------------------------------------------
Finished ROM, RAM, DSP, Shift Register and Retiming Reporting
---------------------------------------------------------------------------------
---------------------------------------------------------------------------------
Start Applying XDC Timing Constraints
---------------------------------------------------------------------------------
---------------------------------------------------------------------------------
Finished Applying XDC Timing Constraints : Time (s): cpu = 00:00:34 ; elapsed = 00:00:36 . Memory (MB): peak = 1661.277 ; gain = 875.289
---------------------------------------------------------------------------------
---------------------------------------------------------------------------------
Start Timing Optimization
---------------------------------------------------------------------------------
---------------------------------------------------------------------------------
Finished Timing Optimization : Time (s): cpu = 00:00:36 ; elapsed = 00:00:38 . Memory (MB): peak = 1707.875 ; gain = 921.887
---------------------------------------------------------------------------------
---------------------------------------------------------------------------------
Start ROM, RAM, DSP, Shift Register and Retiming Reporting
---------------------------------------------------------------------------------

Block RAM: Final Mapping Report
+------------+-----------------------------+------------------------+---+---+------------------------+---+---+------------------+--------+--------+
|Module Name | RTL Object                  | PORT A (Depth x Width) | W | R | PORT B (Depth x Width) | W | R | Ports driving FF | RAMB18 | RAMB36 | 
+------------+-----------------------------+------------------------+---+---+------------------------+---+---+------------------+--------+--------+
|osc         | u_trigger/circular_bram_reg | 4 K x 16(READ_FIRST)   | W |   | 4 K x 16(WRITE_FIRST)  |   | R | Port A and B     | 0      | 2      | 
+------------+-----------------------------+------------------------+---+---+------------------------+---+---+------------------+--------+--------+

---------------------------------------------------------------------------------
Finished ROM, RAM, DSP, Shift Register and Retiming Reporting
---------------------------------------------------------------------------------
---------------------------------------------------------------------------------
Start Technology Mapping
---------------------------------------------------------------------------------
INFO: [Synth 8-7052] The timing for the instance u_trigger/circular_bram_reg_0 (implemented as a Block RAM) might be sub-optimal as no optional output register could be merged into the ram block. Providing additional output register may help in improving timing.
INFO: [Synth 8-7052] The timing for the instance u_trigger/circular_bram_reg_1 (implemented as a Block RAM) might be sub-optimal as no optional output register could be merged into the ram block. Providing additional output register may help in improving timing.
---------------------------------------------------------------------------------
Finished Technology Mapping : Time (s): cpu = 00:00:36 ; elapsed = 00:00:38 . Memory (MB): peak = 1714.422 ; gain = 928.434
---------------------------------------------------------------------------------
---------------------------------------------------------------------------------
Start IO Insertion
---------------------------------------------------------------------------------
---------------------------------------------------------------------------------
Start Flattening Before IO Insertion
---------------------------------------------------------------------------------
---------------------------------------------------------------------------------
Finished Flattening Before IO Insertion
---------------------------------------------------------------------------------
---------------------------------------------------------------------------------
Start Final Netlist Cleanup
---------------------------------------------------------------------------------
---------------------------------------------------------------------------------
Finished Final Netlist Cleanup
---------------------------------------------------------------------------------
---------------------------------------------------------------------------------
Finished IO Insertion : Time (s): cpu = 00:00:42 ; elapsed = 00:00:44 . Memory (MB): peak = 1931.988 ; gain = 1146.000
---------------------------------------------------------------------------------
---------------------------------------------------------------------------------
Start Renaming Generated Instances
---------------------------------------------------------------------------------
---------------------------------------------------------------------------------
Finished Renaming Generated Instances : Time (s): cpu = 00:00:42 ; elapsed = 00:00:44 . Memory (MB): peak = 1931.988 ; gain = 1146.000
---------------------------------------------------------------------------------
---------------------------------------------------------------------------------
Start Rebuilding User Hierarchy
---------------------------------------------------------------------------------
---------------------------------------------------------------------------------
Finished Rebuilding User Hierarchy : Time (s): cpu = 00:00:42 ; elapsed = 00:00:44 . Memory (MB): peak = 1931.988 ; gain = 1146.000
---------------------------------------------------------------------------------
---------------------------------------------------------------------------------
Start Renaming Generated Ports
---------------------------------------------------------------------------------
---------------------------------------------------------------------------------
Finished Renaming Generated Ports : Time (s): cpu = 00:00:42 ; elapsed = 00:00:44 . Memory (MB): peak = 1931.988 ; gain = 1146.000
---------------------------------------------------------------------------------
---------------------------------------------------------------------------------
Start Handling Custom Attributes
---------------------------------------------------------------------------------
---------------------------------------------------------------------------------
Finished Handling Custom Attributes : Time (s): cpu = 00:00:42 ; elapsed = 00:00:44 . Memory (MB): peak = 1931.988 ; gain = 1146.000
---------------------------------------------------------------------------------
---------------------------------------------------------------------------------
Start Renaming Generated Nets
---------------------------------------------------------------------------------
---------------------------------------------------------------------------------
Finished Renaming Generated Nets : Time (s): cpu = 00:00:42 ; elapsed = 00:00:44 . Memory (MB): peak = 1931.988 ; gain = 1146.000
---------------------------------------------------------------------------------
---------------------------------------------------------------------------------
Start Writing Synthesis Report
---------------------------------------------------------------------------------

Report BlackBoxes: 
+------+--------------+----------+
|      |BlackBox name |Instances |
+------+--------------+----------+
|1     |xadc_wiz_0    |         1|
+------+--------------+----------+

Report Cell Usage: 
+------+----------------+------+
|      |Cell            |Count |
+------+----------------+------+
|1     |xadc_wiz_0_bbox |     1|
|2     |BUFG            |     1|
|3     |CARRY4          |    46|
|4     |LUT1            |    13|
|5     |LUT2            |    87|
|6     |LUT3            |    44|
|7     |LUT4            |   108|
|8     |LUT5            |    71|
|9     |LUT6            |   107|
|10    |RAMB36E1        |     2|
|11    |FDRE            |   304|
|12    |FDSE            |    12|
|13    |IBUF            |    12|
|14    |OBUF            |    10|
+------+----------------+------+
---------------------------------------------------------------------------------
Finished Writing Synthesis Report : Time (s): cpu = 00:00:42 ; elapsed = 00:00:44 . Memory (MB): peak = 1931.988 ; gain = 1146.000
---------------------------------------------------------------------------------
Synthesis finished with 0 errors, 0 critical warnings and 0 warnings.
Synthesis Optimization Runtime : Time (s): cpu = 00:00:29 ; elapsed = 00:00:41 . Memory (MB): peak = 1931.988 ; gain = 1074.445
Synthesis Optimization Complete : Time (s): cpu = 00:00:42 ; elapsed = 00:00:44 . Memory (MB): peak = 1931.988 ; gain = 1146.000
INFO: [Project 1-571] Translating synthesized netlist
Netlist sorting complete. Time (s): cpu = 00:00:00 ; elapsed = 00:00:00.019 . Memory (MB): peak = 1941.113 ; gain = 0.000
INFO: [Netlist 29-17] Analyzing 48 Unisim elements for replacement
INFO: [Netlist 29-28] Unisim Transformation completed in 0 CPU seconds
INFO: [Project 1-570] Preparing netlist for logic optimization
INFO: [Opt 31-138] Pushed 0 inverter(s) to 0 load pin(s).
Netlist sorting complete. Time (s): cpu = 00:00:00 ; elapsed = 00:00:00.001 . Memory (MB): peak = 1944.750 ; gain = 0.000
INFO: [Project 1-111] Unisim Transformation Summary:
No Unisim elements were transformed.

Synth Design complete | Checksum: 99443adb
INFO: [Common 17-83] Releasing license: Synthesis
56 Infos, 6 Warnings, 0 Critical Warnings and 0 Errors encountered.
synth_design completed successfully
synth_design: Time (s): cpu = 00:00:49 ; elapsed = 00:00:53 . Memory (MB): peak = 1944.750 ; gain = 1390.965
Write ShapeDB Complete: Time (s): cpu = 00:00:00 ; elapsed = 00:00:00.003 . Memory (MB): peak = 1944.750 ; gain = 0.000
INFO: [Common 17-1381] The checkpoint 'C:/Users/usnam/Documents/GitHub/SPRO4/Firmware/uart_generation/uart_generation.runs/synth_1/osc.dcp' has been generated.
INFO: [Vivado 12-24828] Executing command : report_utilization -file osc_utilization_synth.rpt -pb osc_utilization_synth.pb
INFO: [Common 17-206] Exiting Vivado at Sun May 31 20:57:43 2026...
