#-----------------------------------------------------------
# Vivado v2025.2 (64-bit)
# SW Build 6299465 on Fri Nov 14 19:35:11 GMT 2025
# IP Build 6300035 on Fri Nov 14 10:48:45 MST 2025
# SharedData Build 6298862 on Thu Nov 13 04:50:51 MST 2025
# Start of session at: Thu May 28 15:50:53 2026
# Process ID         : 6304
# Current directory  : C:/Users/vikip/Desktop/GitHub Repos/SPRO4/Firmware/uart_generation/uart_generation.runs/synth_1
# Command line       : vivado.exe -log wave_generator.vds -product Vivado -mode batch -messageDb vivado.pb -notrace -source wave_generator.tcl
# Log file           : C:/Users/vikip/Desktop/GitHub Repos/SPRO4/Firmware/uart_generation/uart_generation.runs/synth_1/wave_generator.vds
# Journal file       : C:/Users/vikip/Desktop/GitHub Repos/SPRO4/Firmware/uart_generation/uart_generation.runs/synth_1\vivado.jou
# Running On         : VITKO
# Platform           : Windows Server 2016 or Windows 10
# Operating System   : 26200
# Processor Detail   : 12th Gen Intel(R) Core(TM) i5-12500H
# CPU Frequency      : 3110 MHz
# CPU Physical cores : 12
# CPU Logical cores  : 16
# Host memory        : 16886 MB
# Swap memory        : 6710 MB
# Total Virtual      : 23597 MB
# Available Virtual  : 5002 MB
#-----------------------------------------------------------
source wave_generator.tcl -notrace
