Copyright 1986-2022 Xilinx, Inc. All Rights Reserved. Copyright 2022-2025 Advanced Micro Devices, Inc. All Rights Reserved.
---------------------------------------------------------------------------------------------------------------------------------------------
| Tool Version : Vivado v.2025.2 (win64) Build 6299465 Fri Nov 14 19:35:11 GMT 2025
| Date         : Fri May  8 11:10:29 2026
| Host         : DESKTOP-QU8QVCL running 64-bit major release  (build 9200)
| Command      : report_drc -file wave_generator_drc_opted.rpt -pb wave_generator_drc_opted.pb -rpx wave_generator_drc_opted.rpx
| Design       : wave_generator
| Device       : xc7z020clg484-1
| Speed File   : -1
| Design State : Synthesized
---------------------------------------------------------------------------------------------------------------------------------------------

Report DRC

Table of Contents
-----------------
1. REPORT SUMMARY
2. REPORT DETAILS

1. REPORT SUMMARY
-----------------
            Netlist: netlist
          Floorplan: design_1
      Design limits: <entire design considered>
           Ruledeck: default
             Max checks: <unlimited>
             Checks found: 3
+---------+----------+----------------------+--------+
| Rule    | Severity | Description          | Checks |
+---------+----------+----------------------+--------+
| BIVC-1  | Error    | Bank IO standard Vcc | 1      |
| PLCK-87 | Error    | Clock Placer Checks  | 1      |
| ZPS7-1  | Warning  | PS7 block required   | 1      |
+---------+----------+----------------------+--------+

2. REPORT DETAILS
-----------------
BIVC-1#1 Error
Bank IO standard Vcc  - IOBank:34
Conflicting Vcc voltages in bank 34. For example, the following two ports in this bank have conflicting VCCOs:  
duty[3] (LVCMOS18, requiring VCCO=1.800) and pwm_out (LVCMOS33, requiring VCCO=3.300)
Related violations: <none>

PLCK-87#1 Error
Clock Placer Checks  
IO/clock placer failed to collectively place all IOs and clock instances. This is likely due to design requirements or user constraints specified in the constraint file such as IO standards, bank/voltage/DCI/VREF specifications, together with the part and package being used for the implementation. Please check the above for any possible conflicts.

Related violations: <none>

ZPS7-1#1 Warning
PS7 block required  
The PS7 cell must be used in this Zynq design in order to enable correct default configuration.
Related violations: <none>


