LTspice 24.1.10 for Windows
Circuit: C:\Users\usnam\Documents\GitHub\SPRO4\Hardware\precondV2\opamp.net
Start Time: Fri May 29 13:56:40 2026
solver = Alternate
Maximum thread count: 16
tnom = 27
temp = 27
method = trap
C:\Users\usnam\Documents\GitHub\SPRO4\Hardware\precondV2\opamp.net(12): WARNING: Specified period is not longer than the sum of Trise, Tfall, and Ton. Increasing period to 0.00021.

V2 In N003 PULSE(0 28 0.001 0.0001 0.0001 0.00001 0 1)
^^^^^^^^^^^^^^^^^^^^^^^^^^^^^^^^^^^^^^^^^^^^^^^^^^^^^^
Direct Newton iteration failed to find .op point.  (Use ".option noopiter" to skip.)
Starting Gmin stepping
Gmin = 10
Gmin = 1.07374
Gmin = 0.115292
Gmin = 0.0123794
Gmin = 0.00132923
vernier = 0.5
Gmin = 0.000223007
vernier = 0.25
vernier = 0.125
vernier = 0.0625
Gmin = 0.000186353
vernier = 0.03125
vernier = 0.015625
vernier = 0.0208333
Gmin = 0.000183218
vernier = 0.0277778
Gmin = 0.000172449
vernier = 0.037037
vernier = 0.0493827
Gmin = 0.000156189
vernier = 0.0658435
vernier = 0.0877914
Gmin = 0.000133565
vernier = 0.117055
Gmin = 0.000103733
vernier = 0.156073
vernier = 0.208098
Gmin = 6.87973e-05
vernier = 0.277464
vernier = 0.369952
Gmin = 3.61676e-05
vernier = 0.493269
Gmin = 1.29934e-05
vernier = 0.657691
vernier = 0.876922
Gmin = 2.56035e-06
vernier = 1
Gmin = 2.9626e-07
Gmin = 3.18106e-08
Gmin = 3.41564e-09
Gmin = 3.66752e-10
Gmin = 3.93797e-11
Gmin = 4.22836e-12
Gmin = 4.54017e-13
Gmin = 0
Gmin stepping succeeded in finding the operating point.

Total elapsed time: 23.930 seconds.

Files loaded:
C:\Users\usnam\Documents\GitHub\SPRO4\Hardware\precondV2\opamp.net
C:\Users\usnam\AppData\Local\LTspice\lib\cmp\standard.dio
C:\Users\usnam\Downloads\sbom067d\OPAx340.LIB
C:\Users\usnam\AppData\Local\LTspice\lib\sub\UniversalOpAmp1.lib

